<html>
<body>
<pre>
<h1>礦ision Build Log</h1>
<h2>Tool Versions:</h2>
IDE-Version: μVision V5.14.0.0
Copyright (C) 2015 ARM Ltd and ARM Germany GmbH. All rights reserved.
License Information: Alink micor, Alintank, LIC=2TTRA-1FD7Q-68GFC-7FDQ0-DIAFJ-QC56Y
 
Tool Versions:
Toolchain:       MDK-ARM Professional  Version: 5.14.0.0
Toolchain Path:  D:\MDK5\ARM\ARMCC\Bin
C Compiler:      Armcc.exe V5.05 update 1 (build 106)
Assembler:       Armasm.exe V5.05 update 1 (build 106)
Linker/Locator:  ArmLink.exe V5.05 update 1 (build 106)
Library Manager: ArmAr.exe V5.05 update 1 (build 106)
Hex Converter:   FromElf.exe V5.05 update 1 (build 106)
CPU DLL:         SARMCM3.DLL V5.14.0.0
Dialog DLL:      DARMSTM.DLL V1.65.0.0 
<h2>Project:</h2>
C:\Users\16898\Desktop\stm32-license-Plate-Recognition\user\GPIO控制.uvprojx
Project File Date:  05/22/2020

<h2>Output:</h2>
Build target 'Target 1'
compiling main.c...
..\CMSIS\stm32f10x.h(60): warning:  #47-D: incompatible redefinition of macro "USE_STDPERIPH_DRIVER"
  #define USE_STDPERIPH_DRIVER    //me
main.c: 1 warning, 0 errors
assembling startup_stm32f10x_md.s...
compiling stm32f10x_it.c...
..\CMSIS\stm32f10x.h(60): warning:  #47-D: incompatible redefinition of macro "USE_STDPERIPH_DRIVER"
  #define USE_STDPERIPH_DRIVER    //me
..\Library\src\stm32f10x_it.c: 1 warning, 0 errors
compiling debug.c...
..\CMSIS\stm32f10x.h(60): warning:  #47-D: incompatible redefinition of macro "USE_STDPERIPH_DRIVER"
  #define USE_STDPERIPH_DRIVER    //me
..\Device\src\debug.c: 1 warning, 0 errors
compiling delay.c...
..\CMSIS\stm32f10x.h(60): warning:  #47-D: incompatible redefinition of macro "USE_STDPERIPH_DRIVER"
  #define USE_STDPERIPH_DRIVER    //me
..\Device\src\delay.c: 1 warning, 0 errors
compiling key.c...
..\CMSIS\stm32f10x.h(60): warning:  #47-D: incompatible redefinition of macro "USE_STDPERIPH_DRIVER"
  #define USE_STDPERIPH_DRIVER    //me
..\Device\src\key.c: 1 warning, 0 errors
compiling lcd.c...
..\CMSIS\stm32f10x.h(60): warning:  #47-D: incompatible redefinition of macro "USE_STDPERIPH_DRIVER"
  #define USE_STDPERIPH_DRIVER    //me
..\Device\src\lcd.c(43): warning:  #188-D: enumerated type mixed with another type
        GPIO_WriteBit(LCD_RD_PORT, LCD_RD_PIN,1);
..\Device\src\lcd.c(44): warning:  #188-D: enumerated type mixed with another type
        GPIO_WriteBit(LCD_WR_PORT, LCD_WR_PIN,1);
..\Device\src\lcd.c(45): warning:  #188-D: enumerated type mixed with another type
        GPIO_WriteBit(LCD_RS_PORT, LCD_RS_PIN,1);
..\Device\src\lcd.c(46): warning:  #188-D: enumerated type mixed with another type
        GPIO_WriteBit(LCD_CS_PORT, LCD_CS_PIN,0);//片选，拉低有效
..\Device\src\lcd.c(51): warning:  #188-D: enumerated type mixed with another type
        GPIO_WriteBit(LCD_WR_PORT, LCD_WR_PIN,0);
..\Device\src\lcd.c(52): warning:  #188-D: enumerated type mixed with another type
        GPIO_WriteBit(LCD_WR_PORT, LCD_WR_PIN,1);
..\Device\src\lcd.c(56): warning:  #188-D: enumerated type mixed with another type
        GPIO_WriteBit(LCD_RS_PORT, LCD_RS_PIN,0);
..\Device\src\lcd.c(61): warning:  #188-D: enumerated type mixed with another type
        GPIO_WriteBit(LCD_RS_PORT, LCD_RS_PIN,1);
..\Device\src\lcd.c(67): warning:  #188-D: enumerated type mixed with another type
        GPIO_WriteBit(LCD_REST_PORT, LCD_REST_PIN,1);//需要一定的延时，保证初始化进行
..\Device\src\lcd.c(69): warning:  #188-D: enumerated type mixed with another type
        GPIO_WriteBit(LCD_REST_PORT, LCD_REST_PIN,0);
..\Device\src\lcd.c(71): warning:  #188-D: enumerated type mixed with another type
        GPIO_WriteBit(LCD_REST_PORT, LCD_REST_PIN,1);
..\Device\src\lcd.c(188): warning:  #188-D: enumerated type mixed with another type
        GPIO_WriteBit(LCD_RS_PORT, LCD_RS_PIN,1);//标志：数据写入
..\Device\src\lcd.c(198): warning:  #188-D: enumerated type mixed with another type
        GPIO_WriteBit(LCD_RS_PORT, LCD_RS_PIN,1);//标志：数据写入
..\Device\src\lcd.c(275): warning:  #188-D: enumerated type mixed with another type
        GPIO_WriteBit(LCD_RS_PORT, LCD_RS_PIN,1);
..\Device\src\lcd.c(277): warning:  #188-D: enumerated type mixed with another type
        GPIO_WriteBit(LCD_CS_PORT, LCD_CS_PIN,0);//片选，拉低有效
..\Device\src\lcd.c(280): warning:  #188-D: enumerated type mixed with another type
        GPIO_WriteBit(LCD_RD_PORT, LCD_RD_PIN,0);
..\Device\src\lcd.c(283): warning:  #188-D: enumerated type mixed with another type
        GPIO_WriteBit(LCD_RD_PORT, LCD_RD_PIN,1);
..\Device\src\lcd.c(286): warning:  #188-D: enumerated type mixed with another type
        GPIO_WriteBit(LCD_RD_PORT, LCD_RD_PIN,0);
..\Device\src\lcd.c(291): warning:  #188-D: enumerated type mixed with another type
        GPIO_WriteBit(LCD_RD_PORT, LCD_RD_PIN,1);
..\Device\src\lcd.c(294): warning:  #188-D: enumerated type mixed with another type
        GPIO_WriteBit(LCD_RD_PORT, LCD_RD_PIN,0);
..\Device\src\lcd.c(298): warning:  #188-D: enumerated type mixed with another type
        GPIO_WriteBit(LCD_RD_PORT, LCD_RD_PIN,1);
..\Device\src\lcd.c(308): warning:  #1-D: last line of file ends without a newline
  }
..\Device\src\lcd.c: 23 warnings, 0 errors
compiling ov7670.c...
..\CMSIS\stm32f10x.h(60): warning:  #47-D: incompatible redefinition of macro "USE_STDPERIPH_DRIVER"
  #define USE_STDPERIPH_DRIVER    //me
..\Device\src\ov7670.c(56): warning:  #188-D: enumerated type mixed with another type
        GPIO_WriteBit(FIFO_OE_PORT, FIFO_OE_PIN, 0);
..\Device\src\ov7670.c(88): warning:  #188-D: enumerated type mixed with another type
        GPIO_WriteBit(SCCB_SID_PORT, SCCB_SID_PIN, 1);
..\Device\src\ov7670.c(89): warning:  #223-D: function "delay" declared implicitly
        delay(DELAYTIME);
..\Device\src\ov7670.c(90): warning:  #188-D: enumerated type mixed with another type
        GPIO_WriteBit(SCCB_SIC_PORT, SCCB_SIC_PIN, 1);
..\Device\src\ov7670.c(92): warning:  #188-D: enumerated type mixed with another type
        GPIO_WriteBit(SCCB_SID_PORT, SCCB_SID_PIN, 0);
..\Device\src\ov7670.c(94): warning:  #188-D: enumerated type mixed with another type
        GPIO_WriteBit(SCCB_SIC_PORT, SCCB_SIC_PIN, 0);
..\Device\src\ov7670.c(100): warning:  #188-D: enumerated type mixed with another type
        GPIO_WriteBit(SCCB_SID_PORT, SCCB_SID_PIN, 0);
..\Device\src\ov7670.c(101): warning:  #223-D: function "delay" declared implicitly
        delay(DELAYTIME);
..\Device\src\ov7670.c(102): warning:  #188-D: enumerated type mixed with another type
        GPIO_WriteBit(SCCB_SIC_PORT, SCCB_SIC_PIN, 1);
..\Device\src\ov7670.c(104): warning:  #188-D: enumerated type mixed with another type
        GPIO_WriteBit(SCCB_SID_PORT, SCCB_SID_PIN, 1);
..\Device\src\ov7670.c(109): warning:  #188-D: enumerated type mixed with another type
        GPIO_WriteBit(SCCB_SID_PORT, SCCB_SID_PIN, 1);
..\Device\src\ov7670.c(110): warning:  #223-D: function "delay" declared implicitly
        delay(DELAYTIME);
..\Device\src\ov7670.c(111): warning:  #188-D: enumerated type mixed with another type
        GPIO_WriteBit(SCCB_SIC_PORT, SCCB_SIC_PIN, 1);
..\Device\src\ov7670.c(113): warning:  #188-D: enumerated type mixed with another type
        GPIO_WriteBit(SCCB_SIC_PORT, SCCB_SIC_PIN, 0);
..\Device\src\ov7670.c(115): warning:  #188-D: enumerated type mixed with another type
        GPIO_WriteBit(SCCB_SID_PORT, SCCB_SID_PIN, 0);
..\Device\src\ov7670.c(123): warning:  #188-D: enumerated type mixed with another type
        GPIO_WriteBit(SCCB_SID_PORT, SCCB_SID_PIN, 1);
..\Device\src\ov7670.c(124): warning:  #223-D: function "delay" declared implicitly
        delay(DELAYTIME);
..\Device\src\ov7670.c(126): warning:  #188-D: enumerated type mixed with another type
        GPIO_WriteBit(SCCB_SIC_PORT, SCCB_SIC_PIN, 1);
..\Device\src\ov7670.c(132): warning:  #188-D: enumerated type mixed with another type
        GPIO_WriteBit(SCCB_SIC_PORT, SCCB_SIC_PIN, 0);
..\Device\src\ov7670.c(136): warning:  #188-D: enumerated type mixed with another type
        GPIO_WriteBit(SCCB_SID_PORT, SCCB_SID_PIN, 0);
..\Device\src\ov7670.c(146): warning:  #188-D: enumerated type mixed with another type
                GPIO_WriteBit(SCCB_SID_PORT, SCCB_SID_PIN, (((dat<<i)&0x80))>>7);
..\Device\src\ov7670.c(147): warning:  #223-D: function "delay" declared implicitly
                delay(DELAYTIME);
..\Device\src\ov7670.c(149): warning:  #188-D: enumerated type mixed with another type
                GPIO_WriteBit(SCCB_SIC_PORT, SCCB_SIC_PIN, 1);
..\Device\src\ov7670.c(152): warning:  #188-D: enumerated type mixed with another type
                GPIO_WriteBit(SCCB_SIC_PORT, SCCB_SIC_PIN, 0);   
..\Device\src\ov7670.c(155): warning:  #188-D: enumerated type mixed with another type
        GPIO_WriteBit(SCCB_SID_PORT, SCCB_SID_PIN, 0);
..\Device\src\ov7670.c(166): warning:  #188-D: enumerated type mixed with another type
                GPIO_WriteBit(SCCB_SIC_PORT, SCCB_SIC_PIN, 1);
..\Device\src\ov7670.c(167): warning:  #223-D: function "delay" declared implicitly
                delay(DELAYTIME);
..\Device\src\ov7670.c(172): warning:  #188-D: enumerated type mixed with another type
                GPIO_WriteBit(SCCB_SIC_PORT, SCCB_SIC_PIN, 0);   
..\Device\src\ov7670.c(177): warning:  #188-D: enumerated type mixed with another type
        GPIO_WriteBit(SCCB_SID_PORT, SCCB_SID_PIN, 0);
..\Device\src\ov7670.c: 30 warnings, 0 errors
compiling rcc.c...
..\CMSIS\stm32f10x.h(60): warning:  #47-D: incompatible redefinition of macro "USE_STDPERIPH_DRIVER"
  #define USE_STDPERIPH_DRIVER    //me
..\Device\src\rcc.c: 1 warning, 0 errors
compiling usart.c...
..\CMSIS\stm32f10x.h(60): warning:  #47-D: incompatible redefinition of macro "USE_STDPERIPH_DRIVER"
  #define USE_STDPERIPH_DRIVER    //me
..\Device\src\usart.c: 1 warning, 0 errors
compiling stm32f10x_cec.c...
..\CMSIS\stm32f10x.h(60): warning:  #47-D: incompatible redefinition of macro "USE_STDPERIPH_DRIVER"
  #define USE_STDPERIPH_DRIVER    //me
..\Library\src\stm32f10x_cec.c: 1 warning, 0 errors
compiling stm32f10x_dbgmcu.c...
..\CMSIS\stm32f10x.h(60): warning:  #47-D: incompatible redefinition of macro "USE_STDPERIPH_DRIVER"
  #define USE_STDPERIPH_DRIVER    //me
..\Library\src\stm32f10x_dbgmcu.c: 1 warning, 0 errors
compiling stm32f10x_gpio.c...
..\CMSIS\stm32f10x.h(60): warning:  #47-D: incompatible redefinition of macro "USE_STDPERIPH_DRIVER"
  #define USE_STDPERIPH_DRIVER    //me
..\Library\src\stm32f10x_gpio.c: 1 warning, 0 errors
compiling stm32f10x_rcc.c...
..\CMSIS\stm32f10x.h(60): warning:  #47-D: incompatible redefinition of macro "USE_STDPERIPH_DRIVER"
  #define USE_STDPERIPH_DRIVER    //me
..\Library\src\stm32f10x_rcc.c: 1 warning, 0 errors
compiling stm32f10x_sdio.c...
..\CMSIS\stm32f10x.h(60): warning:  #47-D: incompatible redefinition of macro "USE_STDPERIPH_DRIVER"
  #define USE_STDPERIPH_DRIVER    //me
..\Library\src\stm32f10x_sdio.c: 1 warning, 0 errors
compiling stm32f10x_usart.c...
..\CMSIS\stm32f10x.h(60): warning:  #47-D: incompatible redefinition of macro "USE_STDPERIPH_DRIVER"
  #define USE_STDPERIPH_DRIVER    //me
..\Library\src\stm32f10x_usart.c: 1 warning, 0 errors
compiling stm32f10x_exti.c...
..\CMSIS\stm32f10x.h(60): warning:  #47-D: incompatible redefinition of macro "USE_STDPERIPH_DRIVER"
  #define USE_STDPERIPH_DRIVER    //me
..\Library\src\stm32f10x_exti.c: 1 warning, 0 errors
compiling misc.c...
..\CMSIS\stm32f10x.h(60): warning:  #47-D: incompatible redefinition of macro "USE_STDPERIPH_DRIVER"
  #define USE_STDPERIPH_DRIVER    //me
..\Library\src\misc.c: 1 warning, 0 errors
compiling stm32f10x_tim.c...
..\CMSIS\stm32f10x.h(60): warning:  #47-D: incompatible redefinition of macro "USE_STDPERIPH_DRIVER"
  #define USE_STDPERIPH_DRIVER    //me
..\Library\src\stm32f10x_tim.c: 1 warning, 0 errors
compiling core_cm3.c...
compiling system_stm32f10x.c...
..\CMSIS\stm32f10x.h(60): warning:  #47-D: incompatible redefinition of macro "USE_STDPERIPH_DRIVER"
  #define USE_STDPERIPH_DRIVER    //me
..\CMSIS\system_stm32f10x.c: 1 warning, 0 errors
compiling Common.c...
..\CMSIS\stm32f10x.h(60): warning:  #47-D: incompatible redefinition of macro "USE_STDPERIPH_DRIVER"
  #define USE_STDPERIPH_DRIVER    //me
..\Common\Common.c: 1 warning, 0 errors
compiling value.c...
..\CMSIS\stm32f10x.h(60): warning:  #47-D: incompatible redefinition of macro "USE_STDPERIPH_DRIVER"
  #define USE_STDPERIPH_DRIVER    //me
..\Common\value.c: 1 warning, 0 errors
compiling string.c...
..\CMSIS\stm32f10x.h(60): warning:  #47-D: incompatible redefinition of macro "USE_STDPERIPH_DRIVER"
  #define USE_STDPERIPH_DRIVER    //me
..\Common\string.c: 1 warning, 0 errors
compiling algorithm.c...
..\CMSIS\stm32f10x.h(60): warning:  #47-D: incompatible redefinition of macro "USE_STDPERIPH_DRIVER"
  #define USE_STDPERIPH_DRIVER    //me
..\Algorithm\src\algorithm.c: 1 warning, 0 errors
compiling ShowChar.c...
..\CMSIS\stm32f10x.h(60): warning:  #47-D: incompatible redefinition of macro "USE_STDPERIPH_DRIVER"
  #define USE_STDPERIPH_DRIVER    //me
..\Algorithm\src\ShowChar.c(14): warning:  #188-D: enumerated type mixed with another type
        GPIO_WriteBit(LCD_RS_PORT, LCD_RS_PIN,1);                                                                                                               //标志：数据写入
..\Algorithm\src\ShowChar.c(17): warning:  #188-D: enumerated type mixed with another type
        GPIO_WriteBit(FIFO_WRST_PORT, FIFO_WRST_PIN, 0);
..\Algorithm\src\ShowChar.c(18): warning:  #188-D: enumerated type mixed with another type
        GPIO_WriteBit(FIFO_WRST_PORT, FIFO_WRST_PIN, 1);
..\Algorithm\src\ShowChar.c(19): warning:  #188-D: enumerated type mixed with another type
        GPIO_WriteBit(FIFO_WR_PORT, FIFO_WR_PIN, 1);
..\Algorithm\src\ShowChar.c(22): warning:  #188-D: enumerated type mixed with another type
        GPIO_WriteBit(FIFO_WR_PORT, FIFO_WR_PIN, 0);
..\Algorithm\src\ShowChar.c: 6 warnings, 0 errors
compiling discern.c...
..\CMSIS\stm32f10x.h(60): warning:  #47-D: incompatible redefinition of macro "USE_STDPERIPH_DRIVER"
  #define USE_STDPERIPH_DRIVER    //me
..\Algorithm\src\discern.c(19): warning:  #188-D: enumerated type mixed with another type
        GPIO_WriteBit(LCD_RS_PORT, LCD_RS_PIN,1);                           //标志：数据写入
..\Algorithm\src\discern.c(22): warning:  #188-D: enumerated type mixed with another type
        GPIO_WriteBit(FIFO_WRST_PORT, FIFO_WRST_PIN, 0);
..\Algorithm\src\discern.c(23): warning:  #188-D: enumerated type mixed with another type
        GPIO_WriteBit(FIFO_WRST_PORT, FIFO_WRST_PIN, 1);
..\Algorithm\src\discern.c(24): warning:  #188-D: enumerated type mixed with another type
        GPIO_WriteBit(FIFO_WR_PORT, FIFO_WR_PIN, 1);
..\Algorithm\src\discern.c(27): warning:  #188-D: enumerated type mixed with another type
        GPIO_WriteBit(FIFO_WR_PORT, FIFO_WR_PIN, 0);
..\Algorithm\src\discern.c: 6 warnings, 0 errors
linking...
Program Size: Code=34250 RO-data=2158 RW-data=6848 ZI-data=1784  
FromELF: creating hex file...
".\DebugConfig\GPIO控制.axf" - 0 Error(s), 86 Warning(s).

<h2>Software Packages used:</h2>

Package Vendor: ARM
                http://www.keil.com/pack/ARM.CMSIS.4.2.0.pack
                ARM::CMSIS:CORE:3.40.0
                CMSIS (Cortex Microcontroller Software Interface Standard)
   * Component: CORE Version: 3.40.0

<h2>Collection of Component include folders:</h2>
  C:\Users\16898\Desktop\stm32-license-Plate-Recognition\user\RTE
  D:\MDK5\ARM\PACK\ARM\CMSIS\4.2.0\CMSIS\Include

<h2>Collection of Component Files used:</h2>

   * Component: ARM::CMSIS:CORE:3.40.0
      Source file:   CMSIS\UserCodeTemplates\ARM\ITM_Retarget.c
</pre>
</body>
</html>
